Loading weights:   0%|          | 0/403 [00:00<?, ?it/s]Loading weights: 100%|██████████| 403/403 [00:00<00:00, 60556.17it/s]
[transformers] [1mWav2Vec2Model LOAD REPORT[0m from: /Users/abhay/.cache/hf-local/wav2vec2-large
Key                          | Status     |  | 
-----------------------------+------------+--+-
project_q.weight             | UNEXPECTED |  | 
project_q.bias               | UNEXPECTED |  | 
project_hid.bias             | UNEXPECTED |  | 
quantizer.codevectors        | UNEXPECTED |  | 
quantizer.weight_proj.bias   | UNEXPECTED |  | 
quantizer.weight_proj.weight | UNEXPECTED |  | 
project_hid.weight           | UNEXPECTED |  | 

Notes:
- UNEXPECTED:	can be ignored when loading from different task/architecture; not ok if you expect identical arch.
ep0 loss 1.3959 val_acc 0.5536 (602s)
ep1 loss 0.9932 val_acc 0.6752 (605s)
ep2 loss 0.7622 val_acc 0.6451 (601s)
ep3 loss 0.5821 val_acc 0.6942 (602s)
ep4 loss 0.4302 val_acc 0.6663 (602s)
ep5 loss 0.2890 val_acc 0.7109 (602s)
ep6 loss 0.2036 val_acc 0.7165 (605s)
ep7 loss 0.1602 val_acc 0.7266 (602s)
{
  "test_acc_vs_intended": 0.7274390243902439,
  "test_acc_vs_audio_consensus": 0.5304878048780488
}
