Loading weights:   0%|          | 0/211 [00:00<?, ?it/s]Loading weights: 100%|██████████| 211/211 [00:00<00:00, 60265.45it/s]
[transformers] [1mWav2Vec2Model LOAD REPORT[0m from: facebook/wav2vec2-base
Key                          | Status     |  | 
-----------------------------+------------+--+-
quantizer.weight_proj.bias   | UNEXPECTED |  | 
project_q.weight             | UNEXPECTED |  | 
project_hid.bias             | UNEXPECTED |  | 
quantizer.codevectors        | UNEXPECTED |  | 
project_q.bias               | UNEXPECTED |  | 
quantizer.weight_proj.weight | UNEXPECTED |  | 
project_hid.weight           | UNEXPECTED |  | 

Notes:
- UNEXPECTED:	can be ignored when loading from different task/architecture; not ok if you expect identical arch.
ep0 loss 1.3809 val_acc 0.6153 (260s)
ep1 loss 0.8517 val_acc 0.6131 (257s)
ep2 loss 0.6080 val_acc 0.7140 (257s)
ep3 loss 0.4395 val_acc 0.6863 (259s)
ep4 loss 0.2839 val_acc 0.7118 (257s)
ep5 loss 0.1778 val_acc 0.7140 (257s)
ep6 loss 0.1106 val_acc 0.7239 (257s)
ep7 loss 0.0932 val_acc 0.7350 (257s)
{
  "test_acc_vs_intended": 0.75045759609518,
  "test_acc_vs_audio_consensus": 0.4514948139109213
}
